[external.html]
[backblue.gif]
[fade.gif]
[index.html]
[mycsu.csuohio.edu/inc/js/AC_RunActiveContent.js]
[mycsu.csuohio.edu/inc/js/flash_detect.js]
[mycsu.csuohio.edu/inc/js/flash_helper.vbs]
[mycsu.csuohio.edu/inc/js/jquery.js]
[mycsu.csuohio.edu/inc/js/interface.js]
[mycsu.csuohio.edu/graphics/mycsu/nav_left.gif]
[mycsu.csuohio.edu/graphics/mycsu/nav_go.gif]
[mycsu.csuohio.edu/graphics/mycsu/nav_right.gif]
[mycsu.csuohio.edu/graphics/global/CSU_navright_myCSU.jpg]
[mycsu.csuohio.edu/images/Postseason_MyCSU.png]
[mycsu.csuohio.edu/graphics/mycsu/ad_socialmedia.gif]
[mycsu.csuohio.edu/images/e365-Small-3c_38px.gif]
[mycsu.csuohio.edu/compiled/images/11promo_fa_campusnet.png]
[mycsu.csuohio.edu/graphics/mycsu/col_head3.gif]
[mycsu.csuohio.edu/graphics/mycsu/col_head2.gif]
[mycsu.csuohio.edu/index.html]
[mycsu.csuohio.edu/graphics/mycsu/btn_closed1.gif]
[mycsu.csuohio.edu/graphics/mycsu/btn_closed3.gif]
[mycsu.csuohio.edu/graphics/mycsu/btn_closed4.gif]
[mycsu.csuohio.edu/graphics/home/dd_bg.gif]
[mycsu.csuohio.edu/graphics/mycsu/dd_bg1.gif]
[mycsu.csuohio.edu/graphics/mycsu/dd_bg3.gif]
[mycsu.csuohio.edu/graphics/mycsu/dd_bg4.gif]
[mycsu.csuohio.edu/graphics/home/btn_open.gif]
[mycsu.csuohio.edu/graphics/mycsu/btn_open1.gif]
[mycsu.csuohio.edu/graphics/mycsu/btn_open3.gif]
[mycsu.csuohio.edu/graphics/mycsu/btn_open4.gif]
[mycsu.csuohio.edu/inc/css/css-interface.css]
[mycsu.csuohio.edu/graphics/global/4_bullet.gif]
[mycsu.csuohio.edu/graphics/global/check1.gif]
[mycsu.csuohio.edu/graphics/global/btn_bkg.gif]
[mycsu.csuohio.edu/graphics/global/btn_bkg_o.gif]
[mycsu.csuohio.edu/graphics/home/gray_divider.gif]
[mycsu.csuohio.edu/graphics/global/bkg_body_rightgrn.gif]
[mycsu.csuohio.edu/graphics/global/bkg_body_rightblu.gif]
[mycsu.csuohio.edu/graphics/global/bkg_body_rightltgrn.gif]
[mycsu.csuohio.edu/graphics/global/rightside_head.gif]
[mycsu.csuohio.edu/graphics/global/rightside_head_blu.gif]
[mycsu.csuohio.edu/graphics/global/rightside_head_lg.gif]
[mycsu.csuohio.edu/graphics/global/corner_ul.gif]
[mycsu.csuohio.edu/graphics/global/corner_ur.gif]
[mycsu.csuohio.edu/graphics/global/rightside_bottom.gif]
[mycsu.csuohio.edu/graphics/global/rightside_bottom_blu.gif]
[mycsu.csuohio.edu/graphics/global/rightside_bottom_lg.gif]
[mycsu.csuohio.edu/graphics/global/corner_ll.gif]
[mycsu.csuohio.edu/graphics/global/corner_lr.gif]
[mycsu.csuohio.edu/graphics/global/carrot1.gif]
[mycsu.csuohio.edu/graphics/global/carrot1_blu.gif]
[mycsu.csuohio.edu/graphics/global/carrot1_lg.gif]
[mycsu.csuohio.edu/graphics/global/carrot2.gif]
[mycsu.csuohio.edu/graphics/global/carrot2_blu.gif]
[mycsu.csuohio.edu/graphics/global/carrot2_lg.gif]
[mycsu.csuohio.edu/graphics/global/carrot3.gif]
[mycsu.csuohio.edu/graphics/global/carrot3_blu.gif]
[mycsu.csuohio.edu/graphics/global/carrot3_lg.gif]
[mycsu.csuohio.edu/graphics/extranet/btn_requestinfo.gif]
[mycsu.csuohio.edu/graphics/extranet/btn_requestinfo_o.gif]
[mycsu.csuohio.edu/graphics/extranet/btn_visitcampus.gif]
[mycsu.csuohio.edu/graphics/extranet/btn_visitcampus_o.gif]
[mycsu.csuohio.edu/graphics/extranet/btn_applynow.gif]
[mycsu.csuohio.edu/graphics/extranet/btn_applynow_o.gif]
[mycsu.csuohio.edu/graphics/global/pop_corner_ul.gif]
[mycsu.csuohio.edu/graphics/global/pop_corner_ur.gif]
[mycsu.csuohio.edu/graphics/global/btn_x.gif]
[mycsu.csuohio.edu/graphics/global/btn_arrow_left.gif]
[mycsu.csuohio.edu/graphics/global/btn_arrow_left_o.gif]
[mycsu.csuohio.edu/graphics/global/btn_arrow_right.gif]
[mycsu.csuohio.edu/graphics/global/btn_arrow_right_o.gif]
[mycsu.csuohio.edu/graphics/global/pop_corner_ll.gif]
[mycsu.csuohio.edu/graphics/global/pop_corner_lr.gif]
[mycsu.csuohio.edu/inc/css/styles_general.css]
[mycsu.csuohio.edu/graphics/mycsu/nav_bkg.gif]
[mycsu.csuohio.edu/graphics/mycsu/nav_search.gif]
[mycsu.csuohio.edu/graphics/global/nav_csuhome.gif]
[mycsu.csuohio.edu/graphics/global/nav_csuhome_o.gif]
[mycsu.csuohio.edu/graphics/mycsu/nav_logout.gif]
[mycsu.csuohio.edu/graphics/mycsu/nav_logout_o.gif]
[mycsu.csuohio.edu/graphics/mycsu/col_foot3.gif]
[mycsu.csuohio.edu/graphics/mycsu/col_foot2.gif]
[mycsu.csuohio.edu/graphics/mycsu/bkg_login.jpg]
[mycsu.csuohio.edu/inc/css/styles_mycsu.css]
[mycsu.csuohio.edu/compiled/images/100412_vikehealth.jpg]
[mycsu.csuohio.edu/committees/mps/index.html]
[mycsu.csuohio.edu/offices/hrd/vikehealth/index.html]
[mycsu.csuohio.edu/offices/hrd/index.html]
[mycsu.csuohio.edu/graphics/global/rightside_engagedlearning.gif]
[mycsu.csuohio.edu/offices/iraa/index.html]
[mycsu.csuohio.edu/graphics/home/btn_closed.gif]
[mycsu.csuohio.edu/offices/hrd/benefits.html]
[mycsu.csuohio.edu/offices/hrd/employment.html]
[mycsu.csuohio.edu/offices/hrd/forms.html]
[mycsu.csuohio.edu/offices/hrd/labor_relations.html]
[mycsu.csuohio.edu/offices/hrd/training_and_od.html]
[mycsu.csuohio.edu/ResourceCheck/LogOutServlet.html]
[mycsu.csuohio.edu/offices/iraa/csureports/js/jquery-1.4.2.min.js]
[mycsu.csuohio.edu/offices/iraa/csureports/js/jquery.metadata.js]
[mycsu.csuohio.edu/offices/iraa/csureports/js/jquery.tablesorter.min.js]
[mycsu.csuohio.edu/offices/iraa/graphics/graph03.gif]
[mycsu.csuohio.edu/offices/iraa/csureports/fall_enrollF1.html]
[mycsu.csuohio.edu/offices/iraa/csureports/fall_enrollF5.html]
[mycsu.csuohio.edu/offices/iraa/csureports/fall_enrollF11.html]
[mycsu.csuohio.edu/offices/iraa/csureports/fall_enrollF2.html]
[mycsu.csuohio.edu/offices/iraa/csureports/fall_enrollF5HC.html]
[mycsu.csuohio.edu/offices/iraa/csureports/fall_enrollF2P.html]
[mycsu.csuohio.edu/offices/iraa/csureports/fall_enrollPlanType.html]
[mycsu.csuohio.edu/offices/iraa/csureports/fall_enrollWC.html]
[mycsu.csuohio.edu/offices/iraa/graphics/arrOpen.gif]
[mycsu.csuohio.edu/offices/iraa/csureports/fall_enrollF4.html]
[mycsu.csuohio.edu/offices/iraa/csureports/fall_enrollF4A.html]
[mycsu.csuohio.edu/offices/iraa/csureports/fall_enrollF3.html]
[mycsu.csuohio.edu/offices/iraa/csureports/fall_enrollF6.html]
[mycsu.csuohio.edu/offices/iraa/csureports/fall_enrollF8.html]
[mycsu.csuohio.edu/offices/iraa/csureports/fall_enrollF10.html]
[mycsu.csuohio.edu/offices/iraa/csureports/fall_enrollF12.html]
[mycsu.csuohio.edu/offices/iraa/csureports/enrollF1.html]
[mycsu.csuohio.edu/offices/iraa/csureports/enrollF5.html]
[mycsu.csuohio.edu/offices/iraa/csureports/enrollF11.html]
[mycsu.csuohio.edu/offices/iraa/csureports/enrollF2.html]
[mycsu.csuohio.edu/offices/iraa/csureports/enrollF5HC.html]
[mycsu.csuohio.edu/offices/iraa/csureports/enrollF2P.html]
[mycsu.csuohio.edu/offices/iraa/csureports/enrollPlanType.html]
[mycsu.csuohio.edu/offices/iraa/csureports/enrollWC.html]
[mycsu.csuohio.edu/offices/iraa/csureports/enrollF4.html]
[mycsu.csuohio.edu/offices/iraa/csureports/enrollF4A.html]
[mycsu.csuohio.edu/offices/iraa/csureports/enrollF3.html]
[mycsu.csuohio.edu/offices/iraa/csureports/enrollClass_Vol.html]
[mycsu.csuohio.edu/offices/iraa/csureports/enrollF6.html]
[mycsu.csuohio.edu/offices/iraa/csureports/enrollF8.html]
[mycsu.csuohio.edu/offices/iraa/csureports/enrollF10.html]
[mycsu.csuohio.edu/offices/iraa/csureports/enrollF12.html]
[mycsu.csuohio.edu/offices/iraa/csureports/smr_enrollF1.html]
[mycsu.csuohio.edu/offices/iraa/csureports/smr_enrollF5.html]
[mycsu.csuohio.edu/offices/iraa/csureports/smr_enrollF11.html]
[mycsu.csuohio.edu/offices/iraa/csureports/smr_enrollF2.html]
[mycsu.csuohio.edu/offices/iraa/csureports/smr_enrollF5HC.html]
[mycsu.csuohio.edu/offices/iraa/csureports/smr_enrollF2P.html]
[mycsu.csuohio.edu/offices/iraa/csureports/smr_enrollPlanType.html]
[mycsu.csuohio.edu/offices/iraa/csureports/smr_enrollWC.html]
[mycsu.csuohio.edu/offices/iraa/csureports/smr_enrollF4.html]
[mycsu.csuohio.edu/offices/iraa/csureports/smr_enrollF4A.html]
[mycsu.csuohio.edu/offices/iraa/csureports/smr_enrollF3.html]
[mycsu.csuohio.edu/offices/iraa/csureports/smr_enrollClass_Vol.html]
[mycsu.csuohio.edu/offices/iraa/csureports/smr_enrollF6.html]
[mycsu.csuohio.edu/offices/iraa/csureports/smr_enrollF8.html]
[mycsu.csuohio.edu/offices/iraa/csureports/smr_enrollF10.html]
[mycsu.csuohio.edu/offices/iraa/csureports/smr_enrollF12.html]
[mycsu.csuohio.edu/offices/iraa/documentation/IRAA Policy Manual.pdf]
[mycsu.csuohio.edu/offices/iraa/documentation/index.html]
[mycsu.csuohio.edu/offices/spr/index.html]
[mycsu.csuohio.edu/offices/iraa/csureports/themes/blueauto/desc.gif]
[mycsu.csuohio.edu/offices/iraa/csureports/themes/blueauto/style.css]
[mycsu.csuohio.edu/offices/iraa/graphics/printr.gif]
[mycsu.csuohio.edu/offices/iraa/graphics/monitr.gif]
[mycsu.csuohio.edu/offices/iraa/csureports/chart/fallSCH.png]
[mycsu.csuohio.edu/offices/iraa/csureports/chart/c_fall.html]
[mycsu.csuohio.edu/offices/iraa/csureports/chart/fallHC.png]
[mycsu.csuohio.edu/offices/iraa/csureports/chart/h_fall.html]
[mycsu.csuohio.edu/offices/iraa/csureports/chart/springSCH.png]
[mycsu.csuohio.edu/offices/iraa/csureports/chart/c.html]
[mycsu.csuohio.edu/offices/iraa/csureports/chart/springHC.png]
[mycsu.csuohio.edu/offices/iraa/csureports/chart/h.html]
[mycsu.csuohio.edu/offices/iraa/graphics/arr.gif]
[mycsu.csuohio.edu/offices/iraa/csureports/chart/summerSCH.png]
[mycsu.csuohio.edu/offices/iraa/csureports/chart/c_Summer.html]
[mycsu.csuohio.edu/offices/iraa/csureports/chart/summerHC.png]
[mycsu.csuohio.edu/offices/iraa/csureports/chart/h_Summer.html]
[mycsu.csuohio.edu/mellon/login59b9]
[mycsu.csuohio.edu/mellon/loginb31b]
[mycsu.csuohio.edu/mellon/loginc8e5]
[mycsu.csuohio.edu/offices/iraa/csureports/themes/blueauto/bg.gif]
[mycsu.csuohio.edu/offices/iraa/csureports/themes/blueauto/asc.gif]
[mycsu.csuohio.edu/offices/iraa/csureports/css/style.css]
